[Licensing::Module] Trying to connect to existing licensing client channel...
[Licensing::IpcConnector] Successfully connected to the License Client on channel: "LicenseClient-UserGPC" at "2026-07-18T03:27:37.0125436Z"
[Licensing::Client] Error: Code 10 while verifying Licensing Client signature (process Id: 18304, path: "C:/Program Files/Unity Hub/UnityLicensingClient_V1/Unity.Licensing.Client.exe")
[Licensing::Module] Error: LicensingClient has failed validation; ignoring
[Licensing::Client] Handshaking with LicensingClient:
  Version:                 1.17.4+4293ba1
  Session Id:              7d1fd02cb3614e279a105016ad7dc7b3
  Correlation Id:          2bd96256d272b17fc9bff1c6e420f14e
  External correlation Id: 3979356797692741301
  Machine Id:              c2uUdjUfj4RrzsZltlj/CtJV39Y=
[Licensing::Module] Successfully connected to LicensingClient on channel: "LicenseClient-UserGPC" (connect: 0.00s, validation: 0.01s, handshake: 0.05s)
[Licensing::IpcConnector] Successfully connected to the License Notification on channel: "LicenseClient-UserGPC-notifications" at "2026-07-18T03:27:37.0775437Z"
[Licensing::Module] Error: Access token is unavailable; failed to update
[Licensing::Client] Successfully updated license
Built from '6000.0/staging' branch; Version is '6000.0.32f1 (b2e806cf271c) revision 11724806'; Using compiler version '193933523'; Build Type 'Release'
OS: 'Windows 11  (10.0.26200) 64bit Core' Language: 'es' Physical Memory: 32369 MB
[Licensing::Client] Successfully resolved entitlement details
[Licensing::Module] Serial number assigned to: "F4-EBDH-Y85C-MCU4-HF44-XXXX"
[Licensing::Module] Serial number assigned to: "4674230861431-UnityPersXXXX"
BatchMode: 1, IsHumanControllingUs: 0, StartBugReporterOnCrash: 0, Is64bit: 1, IsPro: 0
[Licensing::Client] Successfully resolved entitlement details
[Licensing::Module] Serial number assigned to: "F4-EBDH-Y85C-MCU4-HF44-XXXX"
[Licensing::Module] Serial number assigned to: "4674230861431-UnityPersXXXX"

COMMAND LINE ARGUMENTS:
C:\Program Files\Unity\Hub\Editor\6000.0.32f1\Editor\Unity.exe
-batchmode
-nographics
-quit
-projectPath
c:\Users\UserGPC\OneDrive\Desktop\DS Projects\Games\CruzaRD
-logFile
c:\Users\UserGPC\OneDrive\Desktop\DS Projects\Games\CruzaRD\_tools\compile_v3_pass2.log
Successfully changed project path to: c:\Users\UserGPC\OneDrive\Desktop\DS Projects\Games\CruzaRD
C:/Users/UserGPC/OneDrive/Desktop/DS Projects/Games/CruzaRD
[UnityMemory] Configuration Parameters - Can be set up in boot.config
    "memorysetup-bucket-allocator-granularity=16"
    "memorysetup-bucket-allocator-bucket-count=8"
    "memorysetup-bucket-allocator-block-size=33554432"
    "memorysetup-bucket-allocator-block-count=8"
    "memorysetup-main-allocator-block-size=16777216"
    "memorysetup-thread-allocator-block-size=16777216"
    "memorysetup-gfx-main-allocator-block-size=16777216"
    "memorysetup-gfx-thread-allocator-block-size=16777216"
    "memorysetup-cache-allocator-block-size=4194304"
    "memorysetup-typetree-allocator-block-size=2097152"
    "memorysetup-profiler-bucket-allocator-granularity=16"
    "memorysetup-profiler-bucket-allocator-bucket-count=8"
    "memorysetup-profiler-bucket-allocator-block-size=33554432"
    "memorysetup-profiler-bucket-allocator-block-count=8"
    "memorysetup-profiler-allocator-block-size=16777216"
    "memorysetup-profiler-editor-allocator-block-size=1048576"
    "memorysetup-temp-allocator-size-main=16777216"
    "memorysetup-job-temp-allocator-block-size=2097152"
    "memorysetup-job-temp-allocator-block-size-background=1048576"
    "memorysetup-job-temp-allocator-reduction-small-platforms=262144"
    "memorysetup-allocator-temp-initial-block-size-main=262144"
    "memorysetup-allocator-temp-initial-block-size-worker=262144"
    "memorysetup-temp-allocator-size-background-worker=32768"
    "memorysetup-temp-allocator-size-job-worker=262144"
    "memorysetup-temp-allocator-size-preload-manager=33554432"
    "memorysetup-temp-allocator-size-nav-mesh-worker=65536"
    "memorysetup-temp-allocator-size-audio-worker=65536"
    "memorysetup-temp-allocator-size-cloud-worker=32768"
    "memorysetup-temp-allocator-size-gi-baking-worker=262144"
    "memorysetup-temp-allocator-size-gi-baking-worker=262144"
    "memorysetup-temp-allocator-size-gi-baking-worker=262144"
    "memorysetup-temp-allocator-size-gi-baking-worker=262144"
    "memorysetup-temp-allocator-size-gi-baking-worker=262144"
    "memorysetup-temp-allocator-size-gfx=262144"
Player connection [7836]  Target information:

Player connection [7836]  * "[IP] 10.0.0.3 [Port] 55504 [Flags] 2 [Guid] 3566578953 [EditorId] 3566578953 [Version] 1048832 [Id] WindowsEditor(7,Dostindev) [Debug] 1 [PackageName] WindowsEditor [ProjectName] Editor" 

Player connection [7836] Host joined multi-casting on [225.0.0.222:54997]...
Player connection [7836] Host joined alternative multi-casting on [225.0.0.222:34997]...
[Physics::Module] Initialized fallback backend.
[Physics::Module] Id: 0xdecafbad
[Package Manager] Connected to IPC stream "Upm-17860" after 0.5 seconds.
Library Redirect Path: Library/
[Package Manager] Restoring resolved packages state from cache
[Licensing::Client] Successfully resolved entitlement details
[Package Manager] Registered 44 packages:
  Packages from [https://packages.unity.com]:
    com.unity.addressables@2.2.2 (location: C:\Users\UserGPC\OneDrive\Desktop\DS Projects\Games\CruzaRD\Library\PackageCache\com.unity.addressables)
    com.unity.collab-proxy@2.5.2 (location: C:\Users\UserGPC\OneDrive\Desktop\DS Projects\Games\CruzaRD\Library\PackageCache\com.unity.collab-proxy)
    com.unity.ide.rider@3.0.31 (location: C:\Users\UserGPC\OneDrive\Desktop\DS Projects\Games\CruzaRD\Library\PackageCache\com.unity.ide.rider)
    com.unity.ide.visualstudio@2.0.22 (location: C:\Users\UserGPC\OneDrive\Desktop\DS Projects\Games\CruzaRD\Library\PackageCache\com.unity.ide.visualstudio)
    com.unity.inputsystem@1.11.2 (location: C:\Users\UserGPC\OneDrive\Desktop\DS Projects\Games\CruzaRD\Library\PackageCache\com.unity.inputsystem)
    com.unity.test-framework@1.4.5 (location: C:\Users\UserGPC\OneDrive\Desktop\DS Projects\Games\CruzaRD\Library\PackageCache\com.unity.test-framework)
    com.unity.timeline@1.8.7 (location: C:\Users\UserGPC\OneDrive\Desktop\DS Projects\Games\CruzaRD\Library\PackageCache\com.unity.timeline)
    com.unity.ext.nunit@2.0.5 (location: C:\Users\UserGPC\OneDrive\Desktop\DS Projects\Games\CruzaRD\Library\PackageCache\com.unity.ext.nunit)
    com.unity.profiling.core@1.0.2 (location: C:\Users\UserGPC\OneDrive\Desktop\DS Projects\Games\CruzaRD\Library\PackageCache\com.unity.profiling.core)
    com.unity.scriptablebuildpipeline@2.1.4 (location: C:\Users\UserGPC\OneDrive\Desktop\DS Projects\Games\CruzaRD\Library\PackageCache\com.unity.scriptablebuildpipeline)
    com.unity.searcher@4.9.2 (location: C:\Users\UserGPC\OneDrive\Desktop\DS Projects\Games\CruzaRD\Library\PackageCache\com.unity.searcher)
    com.unity.burst@1.8.18 (location: C:\Users\UserGPC\OneDrive\Desktop\DS Projects\Games\CruzaRD\Library\PackageCache\com.unity.burst)
    com.unity.mathematics@1.3.2 (location: C:\Users\UserGPC\OneDrive\Desktop\DS Projects\Games\CruzaRD\Library\PackageCache\com.unity.mathematics)
    com.unity.collections@2.5.1 (location: C:\Users\UserGPC\OneDrive\Desktop\DS Projects\Games\CruzaRD\Library\PackageCache\com.unity.collections)
    com.unity.nuget.mono-cecil@1.11.4 (location: C:\Users\UserGPC\OneDrive\Desktop\DS Projects\Games\CruzaRD\Library\PackageCache\com.unity.nuget.mono-cecil)
    com.unity.test-framework.performance@3.0.3 (location: C:\Users\UserGPC\OneDrive\Desktop\DS Projects\Games\CruzaRD\Library\PackageCache\com.unity.test-framework.performance)
  Built-in packages:
    com.unity.render-pipelines.universal@17.0.3 (location: C:\Users\UserGPC\OneDrive\Desktop\DS Projects\Games\CruzaRD\Library\PackageCache\com.unity.render-pipelines.universal)
    com.unity.ugui@2.0.0 (location: C:\Users\UserGPC\OneDrive\Desktop\DS Projects\Games\CruzaRD\Library\PackageCache\com.unity.ugui)
    com.unity.modules.ai@1.0.0 (location: C:\Users\UserGPC\OneDrive\Desktop\DS Projects\Games\CruzaRD\Library\PackageCache\com.unity.modules.ai)
    com.unity.modules.androidjni@1.0.0 (location: C:\Users\UserGPC\OneDrive\Desktop\DS Projects\Games\CruzaRD\Library\PackageCache\com.unity.modules.androidjni)
    com.unity.modules.animation@1.0.0 (location: C:\Users\UserGPC\OneDrive\Desktop\DS Projects\Games\CruzaRD\Library\PackageCache\com.unity.modules.animation)
    com.unity.modules.assetbundle@1.0.0 (location: C:\Users\UserGPC\OneDrive\Desktop\DS Projects\Games\CruzaRD\Library\PackageCache\com.unity.modules.assetbundle)
    com.unity.modules.audio@1.0.0 (location: C:\Users\UserGPC\OneDrive\Desktop\DS Projects\Games\CruzaRD\Library\PackageCache\com.unity.modules.audio)
    com.unity.modules.imgui@1.0.0 (location: C:\Users\UserGPC\OneDrive\Desktop\DS Projects\Games\CruzaRD\Library\PackageCache\com.unity.modules.imgui)
    com.unity.modules.jsonserialize@1.0.0 (location: C:\Users\UserGPC\OneDrive\Desktop\DS Projects\Games\CruzaRD\Library\PackageCache\com.unity.modules.jsonserialize)
    com.unity.modules.particlesystem@1.0.0 (location: C:\Users\UserGPC\OneDrive\Desktop\DS Projects\Games\CruzaRD\Library\PackageCache\com.unity.modules.particlesystem)
    com.unity.modules.physics@1.0.0 (location: C:\Users\UserGPC\OneDrive\Desktop\DS Projects\Games\CruzaRD\Library\PackageCache\com.unity.modules.physics)
    com.unity.modules.physics2d@1.0.0 (location: C:\Users\UserGPC\OneDrive\Desktop\DS Projects\Games\CruzaRD\Library\PackageCache\com.unity.modules.physics2d)
    com.unity.modules.ui@1.0.0 (location: C:\Users\UserGPC\OneDrive\Desktop\DS Projects\Games\CruzaRD\Library\PackageCache\com.unity.modules.ui)
    com.unity.modules.uielements@1.0.0 (location: C:\Users\UserGPC\OneDrive\Desktop\DS Projects\Games\CruzaRD\Library\PackageCache\com.unity.modules.uielements)
    com.unity.modules.unityanalytics@1.0.0 (location: C:\Users\UserGPC\OneDrive\Desktop\DS Projects\Games\CruzaRD\Library\PackageCache\com.unity.modules.unityanalytics)
    com.unity.modules.unitywebrequest@1.0.0 (location: C:\Users\UserGPC\OneDrive\Desktop\DS Projects\Games\CruzaRD\Library\PackageCache\com.unity.modules.unitywebrequest)
    com.unity.modules.unitywebrequestassetbundle@1.0.0 (location: C:\Users\UserGPC\OneDrive\Desktop\DS Projects\Games\CruzaRD\Library\PackageCache\com.unity.modules.unitywebrequestassetbundle)
    com.unity.modules.unitywebrequestaudio@1.0.0 (location: C:\Users\UserGPC\OneDrive\Desktop\DS Projects\Games\CruzaRD\Library\PackageCache\com.unity.modules.unitywebrequestaudio)
    com.unity.modules.unitywebrequesttexture@1.0.0 (location: C:\Users\UserGPC\OneDrive\Desktop\DS Projects\Games\CruzaRD\Library\PackageCache\com.unity.modules.unitywebrequesttexture)
    com.unity.modules.unitywebrequestwww@1.0.0 (location: C:\Users\UserGPC\OneDrive\Desktop\DS Projects\Games\CruzaRD\Library\PackageCache\com.unity.modules.unitywebrequestwww)
    com.unity.modules.imageconversion@1.0.0 (location: C:\Users\UserGPC\OneDrive\Desktop\DS Projects\Games\CruzaRD\Library\PackageCache\com.unity.modules.imageconversion)
    com.unity.modules.hierarchycore@1.0.0 (location: C:\Users\UserGPC\OneDrive\Desktop\DS Projects\Games\CruzaRD\Library\PackageCache\com.unity.modules.hierarchycore)
    com.unity.modules.director@1.0.0 (location: C:\Users\UserGPC\OneDrive\Desktop\DS Projects\Games\CruzaRD\Library\PackageCache\com.unity.modules.director)
    com.unity.render-pipelines.core@17.0.3 (location: C:\Users\UserGPC\OneDrive\Desktop\DS Projects\Games\CruzaRD\Library\PackageCache\com.unity.render-pipelines.core)
    com.unity.shadergraph@17.0.3 (location: C:\Users\UserGPC\OneDrive\Desktop\DS Projects\Games\CruzaRD\Library\PackageCache\com.unity.shadergraph)
    com.unity.render-pipelines.universal-config@17.0.3 (location: C:\Users\UserGPC\OneDrive\Desktop\DS Projects\Games\CruzaRD\Library\PackageCache\com.unity.render-pipelines.universal-config)
    com.unity.modules.terrain@1.0.0 (location: C:\Users\UserGPC\OneDrive\Desktop\DS Projects\Games\CruzaRD\Library\PackageCache\com.unity.modules.terrain)
    com.unity.rendering.light-transport@1.0.1 (location: C:\Users\UserGPC\OneDrive\Desktop\DS Projects\Games\CruzaRD\Library\PackageCache\com.unity.rendering.light-transport)
[Physics::Module] Selected backend.
[Physics::Module] Name: PhysX
[Physics::Module] Id: 0xf2b8ea05
[Physics::Module] SDK Version: 4.1.2
[Physics::Module] Integration Version: 1.0.0
[Physics::Module] Threading Mode: Multi-Threaded
[Subsystems] No new subsystems found in resolved package list.
Package Manager log level set to [2]
[Package Manager] Done registering packages in 0.49 seconds
Artifact Garbage Collection - Removed 12 unused hashed content filesRefreshing native plugins compatible for Editor in 2.03 ms, found 2 plugins.
Preloading 0 native plugins for Editor in 0.00 ms.
Initialize engine version: 6000.0.32f1 (b2e806cf271c)
[Subsystems] Discovering subsystems at path C:/Program Files/Unity/Hub/Editor/6000.0.32f1/Editor/Data/Resources/UnitySubsystems
[Subsystems] Discovering subsystems at path C:/Users/UserGPC/OneDrive/Desktop/DS Projects/Games/CruzaRD/Assets
Forcing GfxDevice: Null
GfxDevice: creating device client; kGfxThreadingModeNonThreaded
NullGfxDevice:
    Version:  NULL 1.0 [1.0]
    Renderer: Null Device
    Vendor:   Unity Technologies
Shader Hidden/ProbeVolume/VoxelizeScene is not supported: GPU does not support conservative rasterization
[Licensing::Client] Successfully resolved entitlement details
[Licensing::Module] Serial number assigned to: "F4-EBDH-Y85C-MCU4-HF44-XXXX"
[Licensing::Module] Serial number assigned to: "4674230861431-UnityPersXXXX"
Initialize mono
Mono path[0] = 'C:/Program Files/Unity/Hub/Editor/6000.0.32f1/Editor/Data/Managed'
Mono path[1] = 'C:/Program Files/Unity/Hub/Editor/6000.0.32f1/Editor/Data/MonoBleedingEdge/lib/mono/unityjit-win32'
Mono config path = 'C:/Program Files/Unity/Hub/Editor/6000.0.32f1/Editor/Data/MonoBleedingEdge/etc'
Using monoOptions --debugger-agent=transport=dt_socket,embedding=1,server=y,suspend=n,address=127.0.0.1:56860
Using cacheserver namespaces - metadata:defaultmetadata, artifacts:defaultartifacts
Using cacheserver namespaces - metadata:defaultmetadata, artifacts:defaultartifacts
ImportWorker Server TCP listen port: 0
AcceleratorClientConnectionCallback - disconnected - :0
Begin MonoManager ReloadAssembly
Registering precompiled unity dll's ...
Register platform support module: C:/Program Files/Unity/Hub/Editor/6000.0.32f1/Editor/Data/PlaybackEngines/WindowsStandaloneSupport/UnityEditor.WindowsStandalone.Extensions.dll
Registered in 0.004097 seconds.
- Loaded All Assemblies, in  0.523 seconds
Native extension for WindowsStandalone target not found
Mono: successfully reloaded assembly
- Finished resetting the current domain, in  0.444 seconds
Domain Reload Profiling: 964ms
	BeginReloadAssembly (171ms)
		ExecutionOrderSort (0ms)
		DisableScriptedObjects (0ms)
		BackupInstance (0ms)
		ReleaseScriptingObjects (0ms)
		CreateAndSetChildDomain (1ms)
	RebuildCommonClasses (50ms)
	RebuildNativeTypeToScriptingClass (16ms)
	initialDomainReloadingComplete (68ms)
	LoadAllAssembliesAndSetupDomain (215ms)
		LoadAssemblies (167ms)
		RebuildTransferFunctionScriptingTraits (0ms)
		AnalyzeDomain (211ms)
			TypeCache.Refresh (208ms)
				TypeCache.ScanAssembly (191ms)
			BuildScriptInfoCaches (0ms)
			ResolveRequiredComponents (1ms)
	FinalizeReload (445ms)
		ReleaseScriptCaches (0ms)
		RebuildScriptCaches (0ms)
		SetupLoadedEditorAssemblies (391ms)
			LogAssemblyErrors (0ms)
			InitializePlatformSupportModulesInManaged (36ms)
			SetLoadedEditorAssemblies (6ms)
			BeforeProcessingInitializeOnLoad (72ms)
			ProcessInitializeOnLoadAttributes (196ms)
			ProcessInitializeOnLoadMethodAttributes (80ms)
			AfterProcessingInitializeOnLoad (0ms)
			EditorAssembliesLoaded (0ms)
		ExecutionOrderSort2 (0ms)
		AwakeInstancesAfterBackupRestoration (0ms)
[Licensing::Client] Successfully resolved entitlement details
[Licensing::Module] Serial number assigned to: "F4-EBDH-Y85C-MCU4-HF44-XXXX"
[Licensing::Module] Serial number assigned to: "4674230861431-UnityPersXXXX"
Application.AssetDatabase Initial Refresh Start
Starting: C:\Program Files\Unity\Hub\Editor\6000.0.32f1\Editor\Data\bee_backend.exe --dont-print-to-structured-log --ipc --defer-dag-verification --dagfile="Library/Bee/1900b0aE.dag" --continue-on-failure --profile="Library/Bee/backend1.traceevents" ScriptAssemblies
WorkingDir: C:/Users/UserGPC/OneDrive/Desktop/DS Projects/Games/CruzaRD
DisplayProgressbar: Compiling Scripts
ExitCode: 0 Duration: 0s441ms
[552/694    0s] ILPP-Configuration Library/ilpp-configuration.nevergeneratedoutput
*** Tundra build success (0.39 seconds), 1 items updated, 694 evaluated
AssetDatabase: script compilation time: 1.131645s
Total cache size 51461804
Total cache size after purge 51461804, took 00:00:00.0859787
Begin MonoManager ReloadAssembly
- Loaded All Assemblies, in  1.102 seconds
Refreshing native plugins compatible for Editor in 2.37 ms, found 2 plugins.
Native extension for WindowsStandalone target not found
Mono: successfully reloaded assembly
- Finished resetting the current domain, in  4.423 seconds
Domain Reload Profiling: 5517ms
	BeginReloadAssembly (239ms)
		ExecutionOrderSort (0ms)
		DisableScriptedObjects (14ms)
		BackupInstance (0ms)
		ReleaseScriptingObjects (0ms)
		CreateAndSetChildDomain (48ms)
	RebuildCommonClasses (59ms)
	RebuildNativeTypeToScriptingClass (23ms)
	initialDomainReloadingComplete (40ms)
	LoadAllAssembliesAndSetupDomain (733ms)
		LoadAssemblies (488ms)
		RebuildTransferFunctionScriptingTraits (0ms)
		AnalyzeDomain (380ms)
			TypeCache.Refresh (257ms)
				TypeCache.ScanAssembly (239ms)
			BuildScriptInfoCaches (95ms)
			ResolveRequiredComponents (21ms)
	FinalizeReload (4424ms)
		ReleaseScriptCaches (0ms)
		RebuildScriptCaches (0ms)
		SetupLoadedEditorAssemblies (4094ms)
			LogAssemblyErrors (0ms)
			InitializePlatformSupportModulesInManaged (24ms)
			SetLoadedEditorAssemblies (7ms)
			BeforeProcessingInitializeOnLoad (198ms)
			ProcessInitializeOnLoadAttributes (3741ms)
			ProcessInitializeOnLoadMethodAttributes (113ms)
			AfterProcessingInitializeOnLoad (9ms)
			EditorAssembliesLoaded (0ms)
		ExecutionOrderSort2 (0ms)
		AwakeInstancesAfterBackupRestoration (15ms)
Asset Pipeline Refresh (id=8129435e3ffcf6142939a87d64a9fbfa): Total: 7.473 seconds - Initiated by InitialRefreshV2(ForceSynchronousImport)
	Summary:
		Imports: total=0 (actual=0, local cache=0, cache server=0)
		Asset DB Process Time: managed=0 ms, native=5015 ms
		Asset DB Callback time: managed=89 ms, native=0 ms
		Scripting: domain reloads=1, domain reload time=1170 ms, compile time=1135 ms, other=61 ms
		Project Asset Count: scripts=1042, non-scripts=1985
		Asset File Changes: new=0, changed=0, moved=0, deleted=0
		Scan Filter Count: 0
	InvokeCustomDependenciesCallbacks: 0.001ms
	InvokePackagesCallback: 3.957ms
	ApplyChangesToAssetFolders: 0.679ms
	Scan: 162.300ms
	OnSourceAssetsModified: 0.002ms
	CategorizeAssetsWithTransientArtifact: 49.812ms
	ProcessAssetsWithTransientArtifactChanges: 94.523ms
	CategorizeAssets: 71.965ms
	ImportOutOfDateAssets: 4439.064ms (3299.582ms without children)
		CompileScripts: 1135.038ms
		ReloadNativeAssets: 0.001ms
		UnloadImportedAssets: 2.246ms
		EnsureUptoDateAssetsAreRegisteredWithGuidPM: 0.954ms
		InitializingProgressBar: 0.001ms
		PostProcessAllAssetNotificationsAddChangedAssets: 0.001ms
		OnDemandSchedulerStart: 1.242ms
	PostProcessAllAssets: 89.541ms
	GatherAllCurrentPrimaryArtifactRevisions: 0.000ms
	UnloadStreamsBegin: 2.124ms
	PersistCurrentRevisions: 0.206ms
	UnloadStreamsEnd: 0.002ms
	GenerateScriptTypeHashes: 5.008ms
	Untracked: 2558.663ms

Application.AssetDatabase Initial Refresh End
Scanning for USB devices : 2.979ms
Initializing Unity extensions:
[Licensing::Client] Successfully resolved entitlement details
[Licensing::Module] Serial number assigned to: "F4-EBDH-Y85C-MCU4-HF44-XXXX"
[Licensing::Module] Serial number assigned to: "4674230861431-UnityPersXXXX"
[MODES] ModeService[none].Initialize
[MODES] ModeService[none].LoadModes
[MODES] Loading mode Default (0) for mode-current-id-Cruza RD
Unloading 58 Unused Serialized files (Serialized files now loaded: 0)
Unloading 4802 unused Assets / (2.7 MB). Loaded Objects now: 5426.
Memory consumption went from 169.3 MB to 166.6 MB.
Total: 12.796100 ms (FindLiveObjects: 0.652700 ms CreateObjectMapping: 0.856200 ms MarkObjects: 8.966300 ms  DeleteObjects: 2.319700 ms)

Batchmode quit successfully invoked - shutting down!
Curl error 42: Callback aborted
[Physics::Module] Cleanup current backned.
[Physics::Module] Id: 0xf2b8ea05
[Licensing::IpcConnector] License Notification channel disconnected successfully.
[Licensing::IpcConnector] License Client channel disconnected successfully.
AcceleratorClientConnectionCallback - disconnected - :0
Cleanup mono
Exiting batchmode successfully now!
Exiting without the bug reporter. Application will terminate with return code 0